ARM Linker, 5.03 [Build 76] [MDK-ARM Lite]

==============================================================================

Section Cross References

    startup.o(RESET) refers to startup.o(STACK) for StackMem
    startup.o(RESET) refers to exo8.o(.text) for __main
    exo8.o(.text) refers (Special) to rk_moteur.o(.text) for MOTEUR_DROIT_INVERSE


==============================================================================

Removing Unused input sections from the image.

    Removing startup.o(HEAP), (0 bytes).
    Removing startup.o(.text), (0 bytes).

2 unused section(s) (total 0 bytes) removed from the image.

==============================================================================

Image Symbol Table

    Local Symbols

    Symbol Name                              Value     Ov Type        Size  Object(Section)

    RESET                                    0x00000000   Section      632  startup.o(RESET)
    RK_Moteur.s                              0x00000000   Number         0  rk_moteur.o ABSOLUTE
    Startup.s                                0x00000000   Number         0  startup.o ABSOLUTE
    exo8.s                                   0x00000000   Number         0  exo8.o ABSOLUTE
    NmiSR                                    0x00000271   Thumb Code     0  startup.o(RESET)
    FaultISR                                 0x00000273   Thumb Code     0  startup.o(RESET)
    IntDefaultHandler                        0x00000275   Thumb Code     0  startup.o(RESET)
    .text                                    0x00000278   Section      152  exo8.o(.text)
    .text                                    0x00000310   Section      484  rk_moteur.o(.text)
    STACK                                    0x20000000   Section      256  startup.o(STACK)
    StackMem                                 0x20000000   Data           0  startup.o(STACK)

    Global Symbols

    Symbol Name                              Value     Ov Type        Size  Object(Section)

    BuildAttributes$$THM_ISAv4$P$D$K$B$S$PE$A:L22UL41UL21$X:L11$S22US41US21$IEEE1$IW$USESV6$~STKCKD$USESV7$~SHL$OSPACE$EBA8$MICROLIB$PRES8$EABIv2 0x00000000   Number         0  anon$$obj.o ABSOLUTE
    __Vectors                                0x00000000   Data           0  startup.o(RESET)
    Reset_Handler                            0x0000026d   Thumb Code     0  startup.o(RESET)
    __main                                   0x00000279   Thumb Code     0  exo8.o(.text)
    MOTEUR_INIT                              0x00000311   Thumb Code     0  rk_moteur.o(.text)
    MOTEUR_DROIT_ON                          0x00000415   Thumb Code     0  rk_moteur.o(.text)
    MOTEUR_DROIT_OFF                         0x00000421   Thumb Code     0  rk_moteur.o(.text)
    MOTEUR_GAUCHE_ON                         0x0000042d   Thumb Code     0  rk_moteur.o(.text)
    MOTEUR_GAUCHE_OFF                        0x00000439   Thumb Code     0  rk_moteur.o(.text)
    MOTEUR_DROIT_ARRIERE                     0x00000445   Thumb Code     0  rk_moteur.o(.text)
    MOTEUR_DROIT_AVANT                       0x0000044f   Thumb Code     0  rk_moteur.o(.text)
    MOTEUR_GAUCHE_ARRIERE                    0x00000459   Thumb Code     0  rk_moteur.o(.text)
    MOTEUR_GAUCHE_AVANT                      0x00000463   Thumb Code     0  rk_moteur.o(.text)
    MOTEUR_DROIT_INVERSE                     0x0000046d   Thumb Code     0  rk_moteur.o(.text)
    MOTEUR_GAUCHE_INVERSE                    0x00000479   Thumb Code     0  rk_moteur.o(.text)
    __initial_sp                             0x20000100   Data           0  startup.o(STACK)



==============================================================================

Memory Map of the image

  Image Entry point : 0x0000026d

  Load Region LR_1 (Base: 0x00000000, Size: 0x000004f4, Max: 0xffffffff, ABSOLUTE)

    Execution Region ER_RO (Base: 0x00000000, Size: 0x000004f4, Max: 0xffffffff, ABSOLUTE)

    Base Addr    Size         Type   Attr      Idx    E Section Name        Object

    0x00000000   0x00000278   Code   RO            3  * RESET               startup.o
    0x00000278   0x00000098   Code   RO            9  * .text               exo8.o
    0x00000310   0x000001e4   Code   RO           12  * .text               rk_moteur.o


    Execution Region ER_RW (Base: 0x20000000, Size: 0x00000000, Max: 0xffffffff, ABSOLUTE)

    **** No section assigned to this execution region ****


    Execution Region ER_ZI (Base: 0x20000000, Size: 0x00000100, Max: 0xffffffff, ABSOLUTE)

    Base Addr    Size         Type   Attr      Idx    E Section Name        Object

    0x20000000   0x00000100   Zero   RW            1    STACK               startup.o


==============================================================================

Image component sizes


      Code (inc. data)   RO Data    RW Data    ZI Data      Debug   Object Name

       152         20          0          0          0        204   exo8.o
       484        112          0          0          0        316   rk_moteur.o
       632        622          0          0        256        200   startup.o

    ----------------------------------------------------------------------
      1268        754          0          0        256        720   Object Totals
         0          0          0          0          0          0   (incl. Generated)
         0          0          0          0          0          0   (incl. Padding)

    ----------------------------------------------------------------------
         0          0          0          0          0          0   Library Totals
         0          0          0          0          0          0   (incl. Padding)

    ----------------------------------------------------------------------

==============================================================================


      Code (inc. data)   RO Data    RW Data    ZI Data      Debug   

      1268        754          0          0        256        720   Grand Totals
      1268        754          0          0        256        720   ELF Image Totals
      1268        754          0          0          0          0   ROM Totals

==============================================================================

    Total RO  Size (Code + RO Data)                 1268 (   1.24kB)
    Total RW  Size (RW Data + ZI Data)               256 (   0.25kB)
    Total ROM Size (Code + RO Data + RW Data)       1268 (   1.24kB)

==============================================================================

